Starting project at D:\Work\PlantWidget\mobile
Starting Metro Bundler
Skipping dependency validation in offline mode
Waiting on http://localhost:8081
Logs for your project will appear below.
Warning: Unable to resolve manifest assets. Icons and fonts might not work. This operation was aborted.
Warning: Unable to resolve manifest assets. Icons and fonts might not work. This operation was aborted.
Android .\index.ts ░░░░░░░░░░░░░░░░  0.0% (0/1)
Android .\index.ts ▓░░░░░░░░░░░░░░░ 11.1% ( 45/202)
Android .\index.ts ▓▓▓▓▓▓▓▓▓▓▓▓▓░░░ 86.1% (655/761)
Android Bundled 10004ms index.ts (944 modules)
 ERROR  expo-notifications: Android Push notifications (remote notifications) functionality provided by expo-notifications was removed from Expo Go with the release of SDK 53. Use a development build instead of Expo Go. Read more at https://docs.expo.dev/develop/development-builds/introduction/.
 WARN  `expo-notifications` functionality is not fully supported in Expo Go:
We recommend you instead use a development build to avoid limitations. Learn more: https://expo.fyi/dev-client.
D:\Work\PlantWidget\mobile\node_modules\expo\node_modules\@expo\cli\build\src\utils\errors.js:130
    throw error;
    ^

Error: ENOENT: no such file or directory, watch 'D:\Work\PlantWidget\mobile\node_modules\expo-modules-core\android\.cxx\RelWithDebInfo\55302s52\arm64-v8a\CMakeFiles\CMakeTmp\CMakeFiles\cmTC_3c18e.dir'
    at FSWatcher.<computed> (node:internal/fs/watchers:254:19)
    at Object.watch (node:fs:2549:36)
    at FallbackWatcher._watchdir (D:\Work\PlantWidget\mobile\node_modules\metro-file-map\src\watchers\FallbackWatcher.js:119:33)
    at D:\Work\PlantWidget\mobile\node_modules\metro-file-map\src\watchers\FallbackWatcher.js:219:22
    at Walker.<anonymous> (D:\Work\PlantWidget\mobile\node_modules\metro-file-map\src\watchers\FallbackWatcher.js:358:5)
    at Walker.emit (node:events:519:28)
    at D:\Work\PlantWidget\mobile\node_modules\walker\lib\walker.js:69:16
    at FSReqCallback.oncomplete (node:fs:187:23) {
  errno: -4058,
  syscall: 'watch',
  code: 'ENOENT',
  path: 'D:\\Work\\PlantWidget\\mobile\\node_modules\\expo-modules-core\\android\\.cxx\\RelWithDebInfo\\55302s52\\arm64-v8a\\CMakeFiles\\CMakeTmp\\CMakeFiles\\cmTC_3c18e.dir',
  filename: 'D:\\Work\\PlantWidget\\mobile\\node_modules\\expo-modules-core\\android\\.cxx\\RelWithDebInfo\\55302s52\\arm64-v8a\\CMakeFiles\\CMakeTmp\\CMakeFiles\\cmTC_3c18e.dir'
}

Node.js v22.20.0
